Archive member included because of file (symbol)

/srv/nfnet/NF2/projects/caliper/netthreads/compiler/lib/libspe.a(udivmod.o)
                              support.o (__udivsi3)
/srv/nfnet/NF2/projects/caliper/netthreads/compiler/lib/libspe.a(udivmodsi4.o)
                              /srv/nfnet/NF2/projects/caliper/netthreads/compiler/lib/libspe.a(udivmod.o) (udivmodsi4)
/srv/nfnet/NF2/projects/caliper/netthreads/compiler/lib/libspe.a(mulsi.o)
                              precisegen.o (__mulsi3)
/srv/nfnet/NF2/projects/caliper/netthreads/compiler/lib/mylibc.a(memcpy.o)
                              memcpy.o (memcpy)

Allocating common symbols
Common symbol       size              file

pkt_outs            0x180             precisegen.o
jobs_queue          0x1c              precisegen.o
prepared_pkts       0x20              precisegen.o
time_lo             0x4               precisegen.o
pktin_mems          0x78              precisegen.o
send_pkts           0x18              precisegen.o
time_hi             0x4               precisegen.o
free_pkts           0x18              precisegen.o

Memory Configuration

Name             Origin             Length             Attributes
*default*        0x0000000000000000 0xffffffffffffffff

Linker script and memory map

LOAD nf2.o
LOAD support.o
LOAD support_no_inline.o
LOAD memcpy.o
LOAD precisegen.o
LOAD pktbuff.o
LOAD workqueue.o
LOAD mtdeque.o
LOAD deque.o
LOAD ../common/lib/uni_alloc.a
                0x0000000020000000                PROVIDE (__executable_start, 0x20000000)
                0x0000000020000000                . = 0x20000000

.interp
 *(.interp)

.dynamic
 *(.dynamic)

.hash
 *(.hash)

.dynsym
 *(.dynsym)

.dynstr
 *(.dynstr)

.gnu.version
 *(.gnu.version)

.gnu.version_d
 *(.gnu.version_d)

.gnu.version_r
 *(.gnu.version_r)

.rel.dyn
 *(.rel.init)
 *(.rel.text .rel.text.* .rel.gnu.linkonce.t.*)
 *(.rel.fini)
 *(.rel.rodata .rel.rodata.* .rel.gnu.linkonce.r.*)
 *(.rel.data.rel.ro*)
 *(.rel.data .rel.data.* .rel.gnu.linkonce.d.*)
 *(.rel.tdata .rel.tdata.* .rel.gnu.linkonce.td.*)
 *(.rel.tbss .rel.tbss.* .rel.gnu.linkonce.tb.*)
 *(.rel.ctors)
 *(.rel.dtors)
 *(.rel.got)
 *(.rel.sdata .rel.sdata.* .rel.gnu.linkonce.s.*)
 *(.rel.sbss .rel.sbss.* .rel.gnu.linkonce.sb.*)
 *(.rel.sdata2 .rel.sdata2.* .rel.gnu.linkonce.s2.*)
 *(.rel.sbss2 .rel.sbss2.* .rel.gnu.linkonce.sb2.*)
 *(.rel.bss .rel.bss.* .rel.gnu.linkonce.b.*)

.rela.dyn
 *(.rela.init)
 *(.rela.text .rela.text.* .rela.gnu.linkonce.t.*)
 *(.rela.fini)
 *(.rela.rodata .rela.rodata.* .rela.gnu.linkonce.r.*)
 *(.rela.data .rela.data.* .rela.gnu.linkonce.d.*)
 *(.rela.tdata .rela.tdata.* .rela.gnu.linkonce.td.*)
 *(.rela.tbss .rela.tbss.* .rela.gnu.linkonce.tb.*)
 *(.rela.ctors)
 *(.rela.dtors)
 *(.rela.got)
 *(.rela.sdata .rela.sdata.* .rela.gnu.linkonce.s.*)
 *(.rela.sbss .rela.sbss.* .rela.gnu.linkonce.sb.*)
 *(.rela.sdata2 .rela.sdata2.* .rela.gnu.linkonce.s2.*)
 *(.rela.sbss2 .rela.sbss2.* .rela.gnu.linkonce.sb2.*)
 *(.rela.bss .rela.bss.* .rela.gnu.linkonce.b.*)

.rel.plt
 *(.rel.plt)

.rela.plt
 *(.rela.plt)

.init
 *(.init)

.plt
 *(.plt)

.text           0x0000000020000000     0x1a9c
                0x0000000020000000                _ftext = .
 *(.text .stub .text.* .gnu.linkonce.t.*)
 .text          0x0000000020000000      0x22c nf2.o
                0x00000000200000f0                _t5
                0x0000000020000150                _t7
                0x0000000020000180                _t8
                0x0000000020000000                _start
                0x00000000200001b0                _t9
                0x0000000020000120                _t6
                0x0000000020000030                _t1
                0x00000000200000c0                _t4
                0x0000000020000060                _t2
                0x00000000200001e0                _exit
                0x0000000020000090                _t3
 .text.nf_pktout_init
                0x000000002000022c       0x58 support.o
                0x000000002000022c                nf_pktout_init
 .text.nf_pktout_alloc
                0x0000000020000284       0xd8 support.o
                0x0000000020000284                nf_pktout_alloc
 .text.nf_pktout_send_schedule
                0x000000002000035c       0x10 support.o
                0x000000002000035c                nf_pktout_send_schedule
 .text.nf_stall_a_bit
                0x000000002000036c       0x2c support.o
                0x000000002000036c                nf_stall_a_bit
 .text.init_stack
                0x0000000020000398       0x40 support.o
                0x0000000020000398                init_stack
 .text.nf_pktin_init
                0x00000000200003d8       0x54 support.o
                0x00000000200003d8                nf_pktin_init
 .text.nf_pktout_send_setup
                0x000000002000042c       0x34 support.o
                0x000000002000042c                nf_pktout_send_setup
 .text.nf_unlock
                0x0000000020000460       0x10 support_no_inline.o
                0x0000000020000460                nf_unlock
 .text.nf_lock  0x0000000020000470       0x10 support_no_inline.o
                0x0000000020000470                nf_lock
 .text.nf_tid   0x0000000020000480       0x10 support_no_inline.o
                0x0000000020000480                nf_tid
 .text.relax    0x0000000020000490       0x4c support_no_inline.o
                0x0000000020000490                relax
 .text.memcpy32
                0x00000000200004dc      0x170 memcpy.o
                0x00000000200004dc                memcpy32
 .text.send_special
                0x000000002000064c      0x174 precisegen.o
 .text.tight_send_loop
                0x00000000200007c0      0x14c precisegen.o
 .text.prepare_work
                0x000000002000090c      0x278 precisegen.o
 .text.pop_work
                0x0000000020000b84      0x294 precisegen.o
 .text.main     0x0000000020000e18      0x6c0 precisegen.o
                0x0000000020000e18                main
 .text.pkt_fill
                0x00000000200014d8       0x14 pktbuff.o
                0x00000000200014d8                pkt_fill
 .text.fill_ioq
                0x00000000200014ec       0x34 pktbuff.o
                0x00000000200014ec                fill_ioq
 .text.workq_init
                0x0000000020001520       0x2c workqueue.o
                0x0000000020001520                workq_init
 .text.workq_add_task_nolock
                0x000000002000154c       0x5c workqueue.o
                0x000000002000154c                workq_add_task_nolock
 .text.workq_serve
                0x00000000200015a8       0x88 workqueue.o
                0x00000000200015a8                workq_serve
 .text.workq_add_task
                0x0000000020001630       0xb4 workqueue.o
                0x0000000020001630                workq_add_task
 .text.mtdeque_pops_nolock
                0x00000000200016e4      0x130 mtdeque.o
                0x00000000200016e4                mtdeque_pops_nolock
 .text.mtdeque_init
                0x0000000020001814       0x20 mtdeque.o
                0x0000000020001814                mtdeque_init
 .text.mtdeque_pop_nolock
                0x0000000020001834      0x114 mtdeque.o
                0x0000000020001834                mtdeque_pop_nolock
 .text.deque_pops
                0x0000000020001948       0x88 deque.o
                0x0000000020001948                deque_pops
 .text.__udivsi3
                0x00000000200019d0        0x8 /srv/nfnet/NF2/projects/caliper/netthreads/compiler/lib/libspe.a(udivmod.o)
                0x00000000200019d0                __udivsi3
 .text.udivmodsi4
                0x00000000200019d8       0x94 /srv/nfnet/NF2/projects/caliper/netthreads/compiler/lib/libspe.a(udivmodsi4.o)
                0x00000000200019d8                udivmodsi4
 .text.memcpy   0x0000000020001a6c       0x30 /srv/nfnet/NF2/projects/caliper/netthreads/compiler/lib/mylibc.a(memcpy.o)
                0x0000000020001a6c                memcpy
 *(.text.*personality*)
 *(.gnu.warning)
 *(.mips16.fn.*)
 *(.mips16.call.*)

.fini
 *(.fini)
                0x0000000004040000                . = 0x4040000
                0x0000000004040000                . = (ALIGN (0x40000) - ((0x40000 - .) & 0x3ffff))
                0x0000000004040000                . = (0x40000 DATA_SEGMENT_ALIGN 0x1000)
                0x0000000004040000                PROVIDE (__etext, .)
                0x0000000004040000                PROVIDE (_etext, .)
                0x0000000004040000                PROVIDE (etext, .)

.sdata2
 *(.sdata2 .sdata2.* .gnu.linkonce.s2.*)

.sbss2
 *(.sbss2 .sbss2.* .gnu.linkonce.sb2.*)

.eh_frame_hdr
 *(.eh_frame_hdr)

.eh_frame
 *(.eh_frame)

.gcc_except_table
 *(.gcc_except_table)
 *(.gcc_except_table.*)

.eh_frame
 *(.eh_frame)

.gcc_except_table
 *(.gcc_except_table)
 *(.gcc_except_table.*)

.tdata
 *(.tdata .tdata.* .gnu.linkonce.td.*)

.tbss
 *(.tbss .tbss.* .gnu.linkonce.tb.*)
 *(.tcommon)
                0x0000000004040000                . = ALIGN (0x4)
                0x0000000004040000                PROVIDE (__preinit_array_start, .)

.preinit_array
 *(.preinit_array)
                0x0000000004040000                PROVIDE (__preinit_array_end, .)
                0x0000000004040000                PROVIDE (__init_array_start, .)

.init_array
 *(.init_array)
                0x0000000004040000                PROVIDE (__init_array_end, .)
                0x0000000004040000                PROVIDE (__fini_array_start, .)

.fini_array
 *(.fini_array)
                0x0000000004040000                PROVIDE (__fini_array_end, .)

.ctors
 *crtbegin*.o(.ctors)
 *(EXCLUDE_FILE(*crtend*.o) .ctors)
 *(SORT(.ctors.*))
 *(.ctors)

.dtors
 *crtbegin*.o(.dtors)
 *(EXCLUDE_FILE(*crtend*.o) .dtors)
 *(SORT(.dtors.*))
 *(.dtors)

.jcr
 *(.jcr)

.data.rel.ro
 *(.data.rel.ro.local)
 *(.data.rel.ro*)
                0x0000000004040000                . = (. DATA_SEGMENT_RELRO_END 0x0)

.data           0x0000000004040000        0x0
                0x0000000004040000                _fdata = .
 *(.data .data.* .gnu.linkonce.d.*)
 *(.gnu.linkonce.d.*personality*)

.data1
 *(.data1)

.rodata
 *(.rodata .rodata.* .gnu.linkonce.r.*)

.rodata1
 *(.rodata1)
                0x0000000004040000                . = .
                0x0000000004047ff0                _gp = (ALIGN (0x10) + 0x7ff0)

.got
 *(.got.plt)
 *(.got)

.sdata          0x0000000004040000        0xc
 *(.sdata .sdata.* .gnu.linkonce.s.*)
 .sdata.header_mem
                0x0000000004040000        0x4 support.o
                0x0000000004040000                header_mem
 .sdata         0x0000000004040004        0x8 precisegen.o

.lit8
 *(.lit8)

.lit4
 *(.lit4)
                0x000000000404000c                _edata = .
                0x000000000404000c                PROVIDE (edata, .)
                0x000000000404000c                __bss_start = .
                0x000000000404000c                _fbss = .

.sbss           0x000000000404000c       0x30
                0x000000000404000c                PROVIDE (__sbss_start, .)
                0x000000000404000c                PROVIDE (___sbss_start, .)
 *(.dynsbss)
 *(.sbss .sbss.* .gnu.linkonce.sb.*)
 .sbss.po_buffers_free
                0x000000000404000c        0x4 support.o
 .sbss.quota_pkt
                0x0000000004040010        0x4 precisegen.o
                0x0000000004040010                quota_pkt
 .sbss.packets_processed
                0x0000000004040014        0x4 precisegen.o
                0x0000000004040014                packets_processed
 .sbss.next_pkt_tosend
                0x0000000004040018        0x4 precisegen.o
                0x0000000004040018                next_pkt_tosend
 .sbss.reset_system
                0x000000000404001c        0x4 precisegen.o
 .sbss.pkts_in_processed_seen
                0x0000000004040020        0x4 precisegen.o
 .sbss.pkts_in_processed
                0x0000000004040024        0x4 precisegen.o
 .sbss.pkt_in_order
                0x0000000004040028        0x4 precisegen.o
 .sbss.send_time_lo
                0x000000000404002c        0x4 precisegen.o
 .sbss.send_time_hi
                0x0000000004040030        0x4 precisegen.o
 *(.scommon)
 .scommon       0x0000000004040034        0x8 precisegen.o
                0x0000000004040034                time_lo
                0x0000000004040038                time_hi
                0x000000000404003c                PROVIDE (__sbss_end, .)
                0x000000000404003c                PROVIDE (___sbss_end, .)

.bss            0x000000000404003c      0x270
 *(.dynbss)
 *(.bss .bss.* .gnu.linkonce.b.*)
 .bss.pop_task  0x000000000404003c        0xc precisegen.o
 *(COMMON)
 COMMON         0x0000000004040048      0x264 precisegen.o
                0x0000000004040048                pkt_outs
                0x00000000040401c8                jobs_queue
                0x00000000040401e4                prepared_pkts
                0x0000000004040204                pktin_mems
                0x000000000404027c                send_pkts
                0x0000000004040294                free_pkts
                0x00000000040402ac                . = ALIGN (0x4)
                0x00000000040402ac                . = ALIGN (0x4)

.reginfo        0x00000000040402ac       0x18
 *(.reginfo)
 .reginfo       0x00000000040402ac       0x18 nf2.o
                0x00000000040402c4                . = ALIGN (0x4)
                0x00000000040402c4                _end = .
                0x00000000040402c4                PROVIDE (end, .)
                0x00000000040402c4                . = DATA_SEGMENT_END (.)

.stab
 *(.stab)

.stabstr
 *(.stabstr)

.stab.excl
 *(.stab.excl)

.stab.exclstr
 *(.stab.exclstr)

.stab.index
 *(.stab.index)

.stab.indexstr
 *(.stab.indexstr)

.comment        0x0000000000000000       0xd8
 *(.comment)
 .comment       0x0000000000000000       0x12 support.o
 .comment       0x0000000000000012       0x12 support_no_inline.o
 .comment       0x0000000000000024       0x12 memcpy.o
 .comment       0x0000000000000036       0x12 precisegen.o
 .comment       0x0000000000000048       0x12 pktbuff.o
 .comment       0x000000000000005a       0x12 workqueue.o
 .comment       0x000000000000006c       0x12 mtdeque.o
 .comment       0x000000000000007e       0x12 deque.o
 .comment       0x0000000000000090       0x12 /srv/nfnet/NF2/projects/caliper/netthreads/compiler/lib/libspe.a(udivmod.o)
 .comment       0x00000000000000a2       0x12 /srv/nfnet/NF2/projects/caliper/netthreads/compiler/lib/libspe.a(udivmodsi4.o)
 .comment       0x00000000000000b4       0x12 /srv/nfnet/NF2/projects/caliper/netthreads/compiler/lib/libspe.a(mulsi.o)
 .comment       0x00000000000000c6       0x12 /srv/nfnet/NF2/projects/caliper/netthreads/compiler/lib/mylibc.a(memcpy.o)

.debug
 *(.debug)

.line
 *(.line)

.debug_srcinfo
 *(.debug_srcinfo)

.debug_sfnames
 *(.debug_sfnames)

.debug_aranges
 *(.debug_aranges)

.debug_pubnames
 *(.debug_pubnames)

.debug_info
 *(.debug_info .gnu.linkonce.wi.*)

.debug_abbrev
 *(.debug_abbrev)

.debug_line
 *(.debug_line)

.debug_frame
 *(.debug_frame)

.debug_str
 *(.debug_str)

.debug_loc
 *(.debug_loc)

.debug_macinfo
 *(.debug_macinfo)

.debug_weaknames
 *(.debug_weaknames)

.debug_funcnames
 *(.debug_funcnames)

.debug_typenames
 *(.debug_typenames)

.debug_varnames
 *(.debug_varnames)

.gptab.sdata
 *(.gptab.data)
 *(.gptab.sdata)

.gptab.sbss
 *(.gptab.bss)
 *(.gptab.sbss)
                0x00000000040ffffc                . = 0x40ffffc
                0x00000000040ffffc                _sp = ALIGN (0x4)

/DISCARD/
 *(.note.GNU-stack)
LOAD /srv/nfnet/NF2/projects/caliper/netthreads/compiler/lib/libspe.a
LOAD /srv/nfnet/NF2/projects/caliper/netthreads/compiler/lib/mylibc.a
LOAD /srv/nfnet/NF2/projects/caliper/netthreads/compiler/lib/mylibm.a
LOAD /srv/nfnet/NF2/projects/caliper/netthreads/compiler/lib/mylibc.a
LOAD /srv/nfnet/NF2/projects/caliper/netthreads/compiler/lib/libgcc.a
LOAD /srv/nfnet/NF2/projects/caliper/netthreads/compiler/lib/libspe.a
LOAD /srv/nfnet/NF2/projects/caliper/netthreads/compiler/lib/libspe.a
LOAD /srv/nfnet/NF2/projects/caliper/netthreads/compiler/lib/libspe.a
LOAD /srv/nfnet/NF2/projects/caliper/netthreads/compiler/lib/mylibc.a
OUTPUT(precisegen elf32-bigmips)

.pdr            0x0000000000000000      0x520
 .pdr           0x0000000000000000      0x160 nf2.o
 .pdr           0x0000000000000160       0xe0 support.o
 .pdr           0x0000000000000240       0x80 support_no_inline.o
 .pdr           0x00000000000002c0       0x20 memcpy.o
 .pdr           0x00000000000002e0       0xa0 precisegen.o
 .pdr           0x0000000000000380       0x40 pktbuff.o
 .pdr           0x00000000000003c0       0x80 workqueue.o
 .pdr           0x0000000000000440       0x60 mtdeque.o
 .pdr           0x00000000000004a0       0x20 deque.o
 .pdr           0x00000000000004c0       0x20 /srv/nfnet/NF2/projects/caliper/netthreads/compiler/lib/libspe.a(udivmod.o)
 .pdr           0x00000000000004e0       0x20 /srv/nfnet/NF2/projects/caliper/netthreads/compiler/lib/libspe.a(udivmodsi4.o)
 .pdr           0x0000000000000500       0x20 /srv/nfnet/NF2/projects/caliper/netthreads/compiler/lib/mylibc.a(memcpy.o)

.mdebug.abi32   0x0000000000000000        0x0
